******************************************************************************
              TMS320C55x Linker PC v4.3.9                      
******************************************************************************
>> Linked Thu Jun 15 11:33:22 2017

OUTPUT FILE NAME:   <mpas.out>
ENTRY POINT SYMBOL: "_c_int00"  address: 00025f49


MEMORY CONFIGURATION

         name            origin    length      used     unused   attr    fill
                        (bytes)   (bytes)    (bytes)   (bytes)
----------------------  --------  ---------  --------  --------  ----  --------
PAGE 0:
  MMR                   00000000   000000c0  00000000  000000c0  RWIX
  DARAM0                000000c0   0000ff40  00005a5c  0000a4e4  RWIX
  SARAM0                00010000   00010000  00000000  00010000  RWIX
  SARAM1                00020000   00020000  0000608c  00019f74  RWIX
  SARAM2                00040000   0000c000  000004a6  0000bb5a  RWIX
  VECS                  0004c000   00000200  00000200  00000000  RWIX
  PDROM                 00ff8000   00008000  00000000  00008000  R IX

PAGE 2:
  IOPORT                00000000   00020000  00000000  00020000  RWI 


SECTION ALLOCATION MAP
(Addresses surrounded by []'s are displayed for convenience only!)

output                                                          attributes/
section   page  orgn(bytes) orgn(words) len(bytes) len(words)   input sections
--------  ----  ----------- ----------- ---------- ----------   --------------
.pinit       0   [ 00040000 ]  00020000          *   00000000   UNINITIALIZED

.stack       0   [ 000000c0 ]  00000060          *   00001000   UNINITIALIZED
                 [ 000000c0 ]  00000060          *   00001000   --HOLE--

.data        0   [ 000000c0 ]  00000060          *   00000000   UNINITIALIZED

.sysstack 
*            0   [ 000020c0 ]  00001060          *   00000800   UNINITIALIZED
                 [ 000020c0 ]  00001060          *   00000800   --HOLE--

.sysmem      0   [ 000030c0 ]  00001860          *   00001000   UNINITIALIZED
                 [ 000030c0 ]  00001860          *   00001000   --HOLE--

.bss.1       0   [ 000050c0 ]  00002860          *   00000341   UNINITIALIZED
                 [ 000050c0 ]  00002860          *   00000119   rts55x.lib : defs.obj (.bss)
                 [ 000052f2 ]  00002979          *   000000d0              : trgdrv.obj (.bss)
                 [ 00005492 ]  00002a49          *   00000001              : fopen.obj (.bss)
                 [ 00005494 ]  00002a4a          *   00000084   cslVC5505.lib : csl_intc.obj (.bss)
                 [ 0000559c ]  00002ace          *   00000071   rts55x.lib : lowlev.obj (.bss)
                 [ 0000567e ]  00002b3f          *   00000062   IIR_filters_fourth_order.obj (.bss)

.bss.2       0   [ 00005744 ]  00002ba2          *   0000005e   UNINITIALIZED
                 [ 00005744 ]  00002ba2          *   00000036   PLL.obj (.bss)
                 [ 000057b0 ]  00002bd8          *   0000000e   main.obj (.bss)
                 [ 000057cc ]  00002be6          *   00000008   usbstk5505_spi.obj (.bss)
                 [ 000057dc ]  00002bee          *   00000006   rts55x.lib : memory.obj (.bss)
                 [ 000057e8 ]  00002bf4          *   00000004              : _lock.obj (.bss)
                 [ 000057f0 ]  00002bf8          *   00000004              : exit.obj (.bss)
                 [ 000057f8 ]  00002bfc          *   00000002   aic3204.obj (.bss)
                 [ 000057fc ]  00002bfe          *   00000002   usbstk5505_intr.obj (.bss)

.const.1     0   [ 00005800 ]  00002c00          *   00000175   
                 [ 00005800 ]  00002c00          *   00000101   rts55x.lib : ctype.obj (.const:__ctypes_)
                 [ 00005a02 ]  00002d01          *   00000001   usbstk5505_i2c.obj (.const)
                 [ 00005a04 ]  00002d02          *   0000003e   PLL.obj (.const:.string)
                 [ 00005a80 ]  00002d40          *   00000024   rts55x.lib : _printfi.obj (.const:.string)
                 [ 00005ac8 ]  00002d64          *   00000011   aic3204.obj (.const:.string)

.const.2     0   [ 00005aec ]  00002d76          *   0000001a   
                 [ 00005aec ]  00002d76          *   0000000c   rts55x.lib : _printfi.obj (.const)
                 [ 00005b04 ]  00002d82          *   00000008              : divd.obj (.const:_initial_approx$1)
                 [ 00005b14 ]  00002d8a          *   00000002              : fputs.obj (.const:.string)
                 [ 00005b18 ]  00002d8c          *   00000002              : divd.obj (.const)
                 [ 00005b1c ]  00002d8e          *   00000002              : fltlid.obj (.const)

.text        0     00020000  [ 00010000 ] 0000608c          *   
                   00020000  [ 00010000 ] 00001598          *   rts55x.lib : _printfi.obj (.text)
                   00021598  [ 00010acc ] 00000663          *   aic3204_init.obj (.text)
                   00021bfb  [ 00010dfd+] 00000554          *   cslVC5505.lib : csl_intc.obj (.text)
                   0002214f  [ 000110a7+] 00000543          *   rts55x.lib : lowlev.obj (.text)
                   00022692  [ 00011349 ] 00000528          *              : trgdrv.obj (.text)
                   00022bba  [ 000115dd ] 000004b5          *              : memory.obj (.text)
                   0002306f  [ 00011837+] 0000044d          *   usbstk5505_spi.obj (.text)
                   000234bc  [ 00011a5e ] 000003d8          *   usbstk5505_intr.obj (.text)
                   00023894  [ 00011c4a ] 0000036c          *   rts55x.lib : divd.obj (.text)
                   00023c00  [ 00011e00 ] 000002ad          *   cslVC5505.lib : csl_pll.obj (.text)
                   00023ead  [ 00011f56+] 0000027f          *   rts55x.lib : fopen.obj (.text)
                   0002412c  [ 00012096 ] 0000025e          *              : llmpy.obj (.text)
                   0002438a  [ 000121c5 ] 00000259          *              : addd.obj (.text)
                   000245e3  [ 000122f1+] 0000020b          *   aic3204.obj (.text)
                   000247ee  [ 000123f7 ] 000001ea          *   rts55x.lib : cmpd.obj (.text)
                   000249d8  [ 000124ec ] 00000176          *   PLL.obj (.text)
                   00024b4e  [ 000125a7 ] 00000163          *   rts55x.lib : fputs.obj (.text)
                   00024cb1  [ 00012658+] 00000155          *   usbstk5505_gpio.obj (.text)
                   00024e06  [ 00012703 ] 0000014c          *   rts55x.lib : mpyd.obj (.text)
                   00024f52  [ 000127a9 ] 0000011f          *   usbstk5505.obj (.text)
                   00025071  [ 00012838+] 0000011a          *   usbstk5505_i2c.obj (.text)
                   0002518b  [ 000128c5+] 000000f5          *   IIR_filters_fourth_order.obj (.text)
                   00025280  [ 00012940 ] 000000e6          *   rts55x.lib : setvbuf.obj (.text)
                   00025366  [ 000129b3 ] 000000dd          *              : _io_perm.obj (.text)
                   00025443  [ 00012a21+] 000000c8          *              : frcmpyd_div.obj (.text)
                   0002550b  [ 00012a85+] 000000c2          *              : fflush.obj (.text)
                   000255cd  [ 00012ae6+] 000000ba          *              : trgmsg.obj (.text:CIO_breakpoint)
                   00025687  [ 00012b43+] 000000a6          *              : fputc.obj (.text)
                   0002572d  [ 00012b96+] 000000a1          *              : divul.obj (.text)
                   000257ce  [ 00012be7 ] 000000a0          *   main.obj (.text)
                   0002586e  [ 00012c37 ] 0000008c          *   cslVC5505.lib : csl_irqplug.obj (.text)
                   000258fa  [ 00012c7d ] 0000007d          *   rts55x.lib : ltoa.obj (.text)
                   00025977  [ 00012cbb+] 0000007b          *              : fclose.obj (.text)
                   000259f2  [ 00012cf9 ] 00000076          *              : frcmpyd.obj (.text)
                   00025a68  [ 00012d34 ] 00000072          *              : remul.obj (.text)
                   00025ada  [ 00012d6d ] 0000006f          *              : fixdli.obj (.text)
                   00025b49  [ 00012da4+] 0000006d          *              : trgmsg.obj (.text)
                   00025bb6  [ 00012ddb ] 0000006d          *   vectors.obj (.text)
                   00025c23  [ 00012e11+] 0000006b          *   rts55x.lib : fseek.obj (.text)
                   00025c8e  [ 00012e47 ] 00000067          *              : fltlid.obj (.text)
                   00025cf5  [ 00012e7a+] 0000005c          *              : atoi.obj (.text)
                   00025d51  [ 00012ea8+] 00000050          *              : printf.obj (.text)
                   00025da1  [ 00012ed0+] 0000004d          *              : autoinit.obj (.text)
                   00025dee  [ 00012ef7 ] 0000004b          *              : args_main.obj (.text)
                   00025e39  [ 00012f1c+] 0000004b          *              : remli.obj (.text)
                   00025e84  [ 00012f42 ] 00000048          *              : divli.obj (.text)
                   00025ecc  [ 00012f66 ] 0000003f          *              : memcpy.obj (.text)
                   00025f0b  [ 00012f85+] 0000003e          *              : exit.obj (.text)
                   00025f49  [ 00012fa4+] 00000034          *              : boot.obj (.text)
                   00025f7d  [ 00012fbe+] 0000002a          *              : fixdi.obj (.text)
                   00025fa7  [ 00012fd3+] 0000002a          *              : udiv.obj (.text)
                   00025fd1  [ 00012fe8+] 00000023          *              : memccpy.obj (.text)
                   00025ff4  [ 00012ffa ] 0000001f          *   usbstk5505_led.obj (.text)
                   00026013  [ 00013009+] 0000001c          *   rts55x.lib : isinf.obj (.text)
                   0002602f  [ 00013017+] 00000014          *              : subd.obj (.text)
                   00026043  [ 00013021+] 00000013          *              : lmpy.obj (.text)
                   00026056  [ 0001302b ] 00000012          *              : _lock.obj (.text)
                   00026068  [ 00013034 ] 00000010          *              : negd.obj (.text)
                   00026078  [ 0001303c ] 0000000a          *              : remove.obj (.text)
                   00026082  [ 00013041 ] 00000007          *              : exit.obj (.text:CIO_breakpoint)
                   00026089  [ 00013044+] 00000002          *              : vectors.obj (.text)
                   0002608b  [ 00013045 ] 00000001          *   --HOLE-- [fill = 20]

.cinit       0   [ 00040000 ]  00020000          *   00000133   
                 [ 00040000 ]  00020000          *   0000006c   IIR_filters_fourth_order.obj (.cinit)
                 [ 000400d8 ]  0002006c          *   00000046   PLL.obj (.cinit)
                 [ 00040164 ]  000200b2          *   0000002d   rts55x.lib : lowlev.obj (.cinit)
                 [ 000401be ]  000200df          *   0000002a              : defs.obj (.cinit)
                 [ 00040212 ]  00020109          *   0000000a              : _lock.obj (.cinit)
                 [ 00040226 ]  00020113          *   0000000a              : exit.obj (.cinit)
                 [ 0004023a ]  0002011d          *   00000008   usbstk5505_intr.obj (.cinit)
                 [ 0004024a ]  00020125          *   00000005   main.obj (.cinit)
                 [ 00040254 ]  0002012a          *   00000004   rts55x.lib : fopen.obj (.cinit)
                 [ 0004025c ]  0002012e          *   00000004              : memory.obj (.cinit)
                 [ 00040264 ]  00020132          *   00000001   --HOLE-- [fill = 0]

.cio         0   [ 00040268 ]  00020134          *   00000120   UNINITIALIZED
                 [ 00040268 ]  00020134          *   00000120   rts55x.lib : trgmsg.obj (.cio)

vectors      0     0004c000  [ 00026000 ] 00000200          *   
                   0004c000  [ 00026000 ] 00000100          *   rts55x.lib : vectors.obj (vectors)
                   0004c100  [ 00026080 ] 00000100          *   vectors.obj (vectors)


GLOBAL SYMBOLS: SORTED ALPHABETICALLY BY Name 

abs. value/
byte addr   word addr   name
---------   ---------   ----
00000002                $TI_capability$C5500$CallingConvention
00000002                $TI_capability$C5500$MemoryModel
00000001                $TI_capability_requires_rev3
ffffffff                .bss
ffffffff                .data
ffffffff                .text
00026083                C$$EXIT
00025682                C$$IO$$
00026043                I$$LMPY
00025fa7                I$$UDIV
00025fbc                I$$UMOD
0004c100                RST
000247d1                _AIC3204_II_rget
000247b4                _AIC3204_II_rset
00024771                _AIC3204_rget
00024642                _AIC3204_rset
00022b5c                _HOSTclock
00022af1                _HOSTclose
00022a3c                _HOSTlseek
0002299d                _HOSTopen
00022910                _HOSTread
00022862                _HOSTrename
00022804                _HOSTtime
0002279a                _HOSTunlink
0002270d                _HOSTwrite
00021c95                _IRQ_clear
00021cff                _IRQ_clearAll
00021d0f                _IRQ_config
00021e35                _IRQ_disable
00021eb3                _IRQ_disableAll
00021ec1                _IRQ_enable
00021fbb                _IRQ_getArg
00021da2                _IRQ_getConfig
00022109                _IRQ_globalDisable
00022122                _IRQ_globalEnable
0002213b                _IRQ_globalRestore
00021bfb                _IRQ_init
00022034                _IRQ_map
0002586e                _IRQ_plug
00021f4b                _IRQ_restore
00022001                _IRQ_setArg
00022066                _IRQ_setVecs
00022097                _IRQ_test
00023df2                _PLL_bypass
00023c62                _PLL_config
00023d8b                _PLL_enable
00023c2a                _PLL_init
00023e41                _PLL_reset
0004c000                _Reset
0002349d                _SPI_close
000230a1                _SPI_config
00023481                _SPI_deInit
0002306f                _SPI_init
000233bc                _SPI_read
00023335                _SPI_write
00024daa                _USBSTK5505_GPIO_clear_interrupt
00024db8                _USBSTK5505_GPIO_enable_interrupt
00024d70                _USBSTK5505_GPIO_getInput
00024d6c                _USBSTK5505_GPIO_init
00024d06                _USBSTK5505_GPIO_setDirection
00024cb1                _USBSTK5505_GPIO_setOutput
00025071                _USBSTK5505_I2C_close
0002507a                _USBSTK5505_I2C_init
00025124                _USBSTK5505_I2C_read
00025099                _USBSTK5505_I2C_reset
000250bd                _USBSTK5505_I2C_write
0002600a                _USBSTK5505_LED_init
00025fff                _USBSTK5505_LED_off
00025ff4                _USBSTK5505_LED_on
000232f4                _USBSTK5505_SPI_init
0002505d                _USBSTK5505_clearINTR
00024fa8                _USBSTK5505_init
00024f89                _USBSTK5505_peripheral_reset
00024f52                _USBSTK5505_wait
00024f7d                _USBSTK5505_waitusec
0004c100                _VECSTART
            00020134    __CIOBUF_
            00001060    __STACK_END
00002000                __STACK_SIZE
00002000                __SYSMEM_SIZE
00001000                __SYSSTACK_SIZE
ffffffff                ___binit__
ffffffff                ___bss__
ffffffff                ___c_args__
            00020000    ___cinit__
ffffffff                ___data__
ffffffff                ___edata__
ffffffff                ___end__
ffffffff                ___etext__
00026013                ___isinf
ffffffff                ___pinit__
ffffffff                ___text__
0002438a                __addd
00025dee                __args_main
00023fce                __cleanup
            00002bf8    __cleanup_ptr
00024980                __cmpd
            00002c00    __ctypes_
000238b6                __divd
00025e84                __divli
00024355                __divlli
00025fa7                __divu
0002572d                __divul
00024261                __divull
0002550b                __doflush
            00002bfa    __dtors_ptr
0002494c                __eqld
00025f7d                __fixdi
00025ada                __fixdli
00025c8e                __fltlid
000259f2                __frcmpyd
00025443                __frcmpyd_div
            00002978    __ft_end
            00002860    __ftable
00024902                __geqd
000248b7                __gtrd
0002486a                __leqd
            00002bf4    __lock
00024822                __lssd
00024e06                __mpyd
00026043                __mpyli
000241a9                __mpylli
00026068                __negd
000247ee                __neqd
00026066                __nop
00021356                __printfi
000253e6                __rd_ok
0002605e                __register_lock
00026056                __register_unlock
00025e39                __remli
0002417a                __remlli
00025fbc                __remu
00025a68                __remul
0002412c                __remull
            00000060    __stack
0002602f                __subd
            00001860    __sys_memory
            00001060    __sysstack
            000028d8    __tmpnams
            00002bf6    __unlock
00025366                __wrt_ok
00026082                _abort
000225a2                _add_device
000246fe                _aic3204_codec_read
00024699                _aic3204_codec_write
0002465c                _aic3204_disable
000245e3                _aic3204_hardware_init
00025cf5                _atoi
00025da1                _auto_init
00021a91                _beep_generator
            00002bed    _byteBuf
00023822                _c5505_register_irq
00025f49                _c_int00
00023049                _calloc
00023041                _chkheap
0002252f                _close
            00002bfc    _counter1
            00002bfd    _counter2
            00002be2    _delay
000237e2                _enable_irq
00025f0b                _exit
00025977                _fclose
00025574                _fflush
00022526                _find_registered_device
000240f1                _fopen
0002518b                _fourth_order_IIR_direct_form_I_codec1
00025687                _fputc
00024b4e                _fputs
00022bba                _free
00022feb                _free_memory
00024028                _freopen
            00002be1    _frequency
00025c23                _fseek
00022692                _getenv
00023599                _gpioISR
            00002bac    _hPll
            00002bd8    _left_input
            00002bdd    _left_input1
            00002bda    _left_output
            00002bdf    _left_output1
000224c0                _lseek
000258fa                _ltoa
000257ce                _main
00022ceb                _malloc
00022f91                _max_free
00025fd1                _memccpy
00025ecc                _memcpy
00022c86                _minit
            00002bdc    _mono_input
            00002be4    _op
00022401                _open
            00002bd6    _pConfigInfo
            00002ba8    _pllCfg1
            00002bce    _pllCfg_100MHz
            00002bd2    _pllCfg_120MHz
            00002bb6    _pllCfg_12MHz
            00002bba    _pllCfg_12p288MHz
            00002bae    _pllCfg_1MHz
            00002bb2    _pllCfg_2MHz
            00002bbe    _pllCfg_40MHz
            00002bc2    _pllCfg_60MHz
            00002bc6    _pllCfg_75MHz
            00002bca    _pllCfg_98MHz
            00002ba2    _pllObj
000249d8                _pll_frequency_setup
00025d51                _printf
00025687                _putc
0002571e                _putchar
00024c83                _puts
00022353                _read
00025b49                _readmsg
00022de0                _realloc
00026078                _remove
0002231d                _remove_device
000222c4                _rename
            00002bd9    _right_input
            00002bde    _right_input1
            00002bdb    _right_output
            00002be0    _right_output1
00021598                _set_sampling_frequency_and_gain
00025280                _setvbuf
0002356f                _spiISR
            00002beb    _spiReadBuff
            00002be9    _spiWriteBuff
000234bc                _toggle_dual_mode
00022291                _unlink
0002214f                _write
000255cd                _writemsg
ffffffff                binit
            00020000    cinit
ffffffff                edata
ffffffff                end
ffffffff                etext
ffffffff                pinit
00025bb6                reset_isr


GLOBAL SYMBOLS: SORTED BY Symbol Address 

abs. value/
byte addr   word addr   name
---------   ---------   ----
00000001                $TI_capability_requires_rev3
00000002                $TI_capability$C5500$CallingConvention
00000002                $TI_capability$C5500$MemoryModel
            00000060    __stack
00001000                __SYSSTACK_SIZE
00002000                __STACK_SIZE
00002000                __SYSMEM_SIZE
            00001060    __STACK_END
            00001060    __sysstack
            00001860    __sys_memory
            00002860    __ftable
            000028d8    __tmpnams
            00002978    __ft_end
            00002ba2    _pllObj
            00002ba8    _pllCfg1
            00002bac    _hPll
            00002bae    _pllCfg_1MHz
            00002bb2    _pllCfg_2MHz
            00002bb6    _pllCfg_12MHz
            00002bba    _pllCfg_12p288MHz
            00002bbe    _pllCfg_40MHz
            00002bc2    _pllCfg_60MHz
            00002bc6    _pllCfg_75MHz
            00002bca    _pllCfg_98MHz
            00002bce    _pllCfg_100MHz
            00002bd2    _pllCfg_120MHz
            00002bd6    _pConfigInfo
            00002bd8    _left_input
            00002bd9    _right_input
            00002bda    _left_output
            00002bdb    _right_output
            00002bdc    _mono_input
            00002bdd    _left_input1
            00002bde    _right_input1
            00002bdf    _left_output1
            00002be0    _right_output1
            00002be1    _frequency
            00002be2    _delay
            00002be4    _op
            00002be9    _spiWriteBuff
            00002beb    _spiReadBuff
            00002bed    _byteBuf
            00002bf4    __lock
            00002bf6    __unlock
            00002bf8    __cleanup_ptr
            00002bfa    __dtors_ptr
            00002bfc    _counter1
            00002bfd    _counter2
            00002c00    __ctypes_
00021356                __printfi
00021598                _set_sampling_frequency_and_gain
00021a91                _beep_generator
00021bfb                _IRQ_init
00021c95                _IRQ_clear
00021cff                _IRQ_clearAll
00021d0f                _IRQ_config
00021da2                _IRQ_getConfig
00021e35                _IRQ_disable
00021eb3                _IRQ_disableAll
00021ec1                _IRQ_enable
00021f4b                _IRQ_restore
00021fbb                _IRQ_getArg
00022001                _IRQ_setArg
00022034                _IRQ_map
00022066                _IRQ_setVecs
00022097                _IRQ_test
00022109                _IRQ_globalDisable
00022122                _IRQ_globalEnable
0002213b                _IRQ_globalRestore
0002214f                _write
00022291                _unlink
000222c4                _rename
0002231d                _remove_device
00022353                _read
00022401                _open
000224c0                _lseek
00022526                _find_registered_device
0002252f                _close
000225a2                _add_device
00022692                _getenv
0002270d                _HOSTwrite
0002279a                _HOSTunlink
00022804                _HOSTtime
00022862                _HOSTrename
00022910                _HOSTread
0002299d                _HOSTopen
00022a3c                _HOSTlseek
00022af1                _HOSTclose
00022b5c                _HOSTclock
00022bba                _free
00022c86                _minit
00022ceb                _malloc
00022de0                _realloc
00022f91                _max_free
00022feb                _free_memory
00023041                _chkheap
00023049                _calloc
0002306f                _SPI_init
000230a1                _SPI_config
000232f4                _USBSTK5505_SPI_init
00023335                _SPI_write
000233bc                _SPI_read
00023481                _SPI_deInit
0002349d                _SPI_close
000234bc                _toggle_dual_mode
0002356f                _spiISR
00023599                _gpioISR
000237e2                _enable_irq
00023822                _c5505_register_irq
000238b6                __divd
00023c2a                _PLL_init
00023c62                _PLL_config
00023d8b                _PLL_enable
00023df2                _PLL_bypass
00023e41                _PLL_reset
00023fce                __cleanup
00024028                _freopen
000240f1                _fopen
0002412c                __remull
0002417a                __remlli
000241a9                __mpylli
00024261                __divull
00024355                __divlli
0002438a                __addd
000245e3                _aic3204_hardware_init
00024642                _AIC3204_rset
0002465c                _aic3204_disable
00024699                _aic3204_codec_write
000246fe                _aic3204_codec_read
00024771                _AIC3204_rget
000247b4                _AIC3204_II_rset
000247d1                _AIC3204_II_rget
000247ee                __neqd
00024822                __lssd
0002486a                __leqd
000248b7                __gtrd
00024902                __geqd
0002494c                __eqld
00024980                __cmpd
000249d8                _pll_frequency_setup
00024b4e                _fputs
00024c83                _puts
00024cb1                _USBSTK5505_GPIO_setOutput
00024d06                _USBSTK5505_GPIO_setDirection
00024d6c                _USBSTK5505_GPIO_init
00024d70                _USBSTK5505_GPIO_getInput
00024daa                _USBSTK5505_GPIO_clear_interrupt
00024db8                _USBSTK5505_GPIO_enable_interrupt
00024e06                __mpyd
00024f52                _USBSTK5505_wait
00024f7d                _USBSTK5505_waitusec
00024f89                _USBSTK5505_peripheral_reset
00024fa8                _USBSTK5505_init
0002505d                _USBSTK5505_clearINTR
00025071                _USBSTK5505_I2C_close
0002507a                _USBSTK5505_I2C_init
00025099                _USBSTK5505_I2C_reset
000250bd                _USBSTK5505_I2C_write
00025124                _USBSTK5505_I2C_read
0002518b                _fourth_order_IIR_direct_form_I_codec1
00025280                _setvbuf
00025366                __wrt_ok
000253e6                __rd_ok
00025443                __frcmpyd_div
0002550b                __doflush
00025574                _fflush
000255cd                _writemsg
00025682                C$$IO$$
00025687                _fputc
00025687                _putc
0002571e                _putchar
0002572d                __divul
000257ce                _main
0002586e                _IRQ_plug
000258fa                _ltoa
00025977                _fclose
000259f2                __frcmpyd
00025a68                __remul
00025ada                __fixdli
00025b49                _readmsg
00025bb6                reset_isr
00025c23                _fseek
00025c8e                __fltlid
00025cf5                _atoi
00025d51                _printf
00025da1                _auto_init
00025dee                __args_main
00025e39                __remli
00025e84                __divli
00025ecc                _memcpy
00025f0b                _exit
00025f49                _c_int00
00025f7d                __fixdi
00025fa7                I$$UDIV
00025fa7                __divu
00025fbc                I$$UMOD
00025fbc                __remu
00025fd1                _memccpy
00025ff4                _USBSTK5505_LED_on
00025fff                _USBSTK5505_LED_off
0002600a                _USBSTK5505_LED_init
00026013                ___isinf
0002602f                __subd
00026043                I$$LMPY
00026043                __mpyli
00026056                __register_unlock
0002605e                __register_lock
00026066                __nop
00026068                __negd
00026078                _remove
00026082                _abort
00026083                C$$EXIT
            00020000    ___cinit__
            00020000    cinit
            00020134    __CIOBUF_
0004c000                _Reset
0004c100                RST
0004c100                _VECSTART
ffffffff                .bss
ffffffff                .data
ffffffff                .text
ffffffff                ___binit__
ffffffff                ___bss__
ffffffff                ___c_args__
ffffffff                ___data__
ffffffff                ___edata__
ffffffff                ___end__
ffffffff                ___etext__
ffffffff                ___pinit__
ffffffff                ___text__
ffffffff                binit
ffffffff                edata
ffffffff                end
ffffffff                etext
ffffffff                pinit

[235 symbols]
